[    0.000000] Initializing cgroup subsys cpuset
[    0.000000] Initializing cgroup subsys cpu
[    0.000000] Initializing cgroup subsys cpuacct
[    0.000000] Linux version 4.4.0-142-generic (buildd@lgw01-amd64-033) (gcc version 5.4.0 20160609 (Ubuntu 5.4.0-6ubuntu1~16.04.10) ) #168-Ubuntu SMP Wed Jan 16 21:00:45 UTC 2019 (Ubuntu 4.4.0-142.168-generic 4.4.167)
[    0.000000] Command line: BOOT_IMAGE=/boot/vmlinuz-4.4.0-142-generic root=LABEL=cloudimg-rootfs ro console=tty1 console=ttyS0
[    0.000000] KERNEL supported cpus:
[    0.000000]   Intel GenuineIntel
[    0.000000]   AMD AuthenticAMD
[    0.000000]   Centaur CentaurHauls
[    0.000000] x86/fpu: xstate_offset[2]:  576, xstate_sizes[2]:  256
[    0.000000] x86/fpu: Supporting XSAVE feature 0x01: 'x87 floating point registers'
[    0.000000] x86/fpu: Supporting XSAVE feature 0x02: 'SSE registers'
[    0.000000] x86/fpu: Supporting XSAVE feature 0x04: 'AVX registers'
[    0.000000] x86/fpu: Enabled xstate features 0x7, context size is 832 bytes, using 'standard' format.
[    0.000000] e820: BIOS-provided physical RAM map:
[    0.000000] BIOS-e820: [mem 0x0000000000000000-0x000000000009fbff] usable
[    0.000000] BIOS-e820: [mem 0x000000000009fc00-0x000000000009ffff] reserved
[    0.000000] BIOS-e820: [mem 0x00000000000f0000-0x00000000000fffff] reserved
[    0.000000] BIOS-e820: [mem 0x0000000000100000-0x000000003ffeffff] usable
[    0.000000] BIOS-e820: [mem 0x000000003fff0000-0x000000003fffffff] ACPI data
[    0.000000] BIOS-e820: [mem 0x00000000fec00000-0x00000000fec00fff] reserved
[    0.000000] BIOS-e820: [mem 0x00000000fee00000-0x00000000fee00fff] reserved
[    0.000000] BIOS-e820: [mem 0x00000000fffc0000-0x00000000ffffffff] reserved
[    0.000000] NX (Execute Disable) protection: active
[    0.000000] SMBIOS 2.5 present.
[    0.000000] Hypervisor detected: KVM
[    0.000000] e820: last_pfn = 0x3fff0 max_arch_pfn = 0x400000000
[    0.000000] MTRR: Disabled
[    0.000000] x86/PAT: MTRRs disabled, skipping PAT initialization too.
[    0.000000] CPU MTRRs all blank - virtualized system.
[    0.000000] x86/PAT: Configuration [0-7]: WB  WT  UC- UC  WB  WT  UC- UC  
[    0.000000] found SMP MP-table at [mem 0x0009fff0-0x0009ffff] mapped at [ffff88000009fff0]
[    0.000000] Scanning 1 areas for low memory corruption
[    0.000000] RAMDISK: [mem 0x3630a000-0x3717cfff]
[    0.000000] ACPI: Early table checksum verification disabled
[    0.000000] ACPI: RSDP 0x00000000000E0000 000024 (v02 VBOX  )
[    0.000000] ACPI: XSDT 0x000000003FFF0030 00003C (v01 VBOX   VBOXXSDT 00000001 ASL  00000061)
[    0.000000] ACPI: FACP 0x000000003FFF00F0 0000F4 (v04 VBOX   VBOXFACP 00000001 ASL  00000061)
[    0.000000] ACPI: DSDT 0x000000003FFF0470 0022EA (v02 VBOX   VBOXBIOS 00000002 INTL 20100528)
[    0.000000] ACPI: FACS 0x000000003FFF0200 000040
[    0.000000] ACPI: FACS 0x000000003FFF0200 000040
[    0.000000] ACPI: APIC 0x000000003FFF0240 00005C (v02 VBOX   VBOXAPIC 00000001 ASL  00000061)
[    0.000000] ACPI: SSDT 0x000000003FFF02A0 0001CC (v01 VBOX   VBOXCPUT 00000002 INTL 20100528)
[    0.000000] No NUMA configuration found
[    0.000000] Faking a node at [mem 0x0000000000000000-0x000000003ffeffff]
[    0.000000] NODE_DATA(0) allocated [mem 0x3ffeb000-0x3ffeffff]
[    0.000000] kvm-clock: Using msrs 4b564d01 and 4b564d00
[    0.000000] kvm-clock: cpu 0, msr 0:3ffe3001, primary cpu clock
[    0.000000] kvm-clock: using sched offset of 4611387283 cycles
[    0.000000] clocksource: kvm-clock: mask: 0xffffffffffffffff max_cycles: 0x1cd42e4dffb, max_idle_ns: 881590591483 ns
[    0.000000] Zone ranges:
[    0.000000]   DMA      [mem 0x0000000000001000-0x0000000000ffffff]
[    0.000000]   DMA32    [mem 0x0000000001000000-0x000000003ffeffff]
[    0.000000]   Normal   empty
[    0.000000]   Device   empty
[    0.000000] Movable zone start for each node
[    0.000000] Early memory node ranges
[    0.000000]   node   0: [mem 0x0000000000001000-0x000000000009efff]
[    0.000000]   node   0: [mem 0x0000000000100000-0x000000003ffeffff]
[    0.000000] Initmem setup node 0 [mem 0x0000000000001000-0x000000003ffeffff]
[    0.000000] ACPI: PM-Timer IO Port: 0x4008
[    0.000000] IOAPIC[0]: apic_id 2, version 32, address 0xfec00000, GSI 0-23
[    0.000000] ACPI: INT_SRC_OVR (bus 0 bus_irq 0 global_irq 2 dfl dfl)
[    0.000000] ACPI: INT_SRC_OVR (bus 0 bus_irq 9 global_irq 9 low level)
[    0.000000] Using ACPI (MADT) for SMP configuration information
[    0.000000] smpboot: Allowing 2 CPUs, 0 hotplug CPUs
[    0.000000] PM: Registered nosave memory: [mem 0x00000000-0x00000fff]
[    0.000000] PM: Registered nosave memory: [mem 0x0009f000-0x0009ffff]
[    0.000000] PM: Registered nosave memory: [mem 0x000a0000-0x000effff]
[    0.000000] PM: Registered nosave memory: [mem 0x000f0000-0x000fffff]
[    0.000000] e820: [mem 0x40000000-0xfebfffff] available for PCI devices
[    0.000000] Booting paravirtualized kernel on KVM
[    0.000000] clocksource: refined-jiffies: mask: 0xffffffff max_cycles: 0xffffffff, max_idle_ns: 7645519600211568 ns
[    0.000000] setup_percpu: NR_CPUS:512 nr_cpumask_bits:512 nr_cpu_ids:2 nr_node_ids:1
[    0.000000] PERCPU: Embedded 34 pages/cpu @ffff88003fc00000 s99480 r8192 d31592 u1048576
[    0.000000] Built 1 zonelists in Node order, mobility grouping on.  Total pages: 257912
[    0.000000] Policy zone: DMA32
[    0.000000] Kernel command line: BOOT_IMAGE=/boot/vmlinuz-4.4.0-142-generic root=LABEL=cloudimg-rootfs ro console=tty1 console=ttyS0
[    0.000000] PID hash table entries: 4096 (order: 3, 32768 bytes)
[    0.000000] Memory: 997736K/1048120K available (8603K kernel code, 1332K rwdata, 4004K rodata, 1484K init, 1316K bss, 50384K reserved, 0K cma-reserved)
[    0.000000] SLUB: HWalign=64, Order=0-3, MinObjects=0, CPUs=2, Nodes=1
[    0.000000] Kernel/User page tables isolation: enabled
[    0.000000] Hierarchical RCU implementation.
[    0.000000] 	Build-time adjustment of leaf fanout to 64.
[    0.000000] 	RCU restricting CPUs from NR_CPUS=512 to nr_cpu_ids=2.
[    0.000000] RCU: Adjusting geometry for rcu_fanout_leaf=64, nr_cpu_ids=2
[    0.000000] NR_IRQS:33024 nr_irqs:440 16
[    0.000000] Console: colour VGA+ 80x25
[    0.000000] console [tty1] enabled
[    0.000000] console [ttyS0] enabled
[    0.000000] tsc: Detected 2592.000 MHz processor
[    0.273015] Calibrating delay loop (skipped) preset value.. 5184.00 BogoMIPS (lpj=10368000)
[    0.275949] pid_max: default: 32768 minimum: 301
[    0.277652] ACPI: Core revision 20150930
[    0.282557] ACPI: 2 ACPI AML tables successfully acquired and loaded
[    0.285990] Security Framework initialized
[    0.288273] Yama: becoming mindful.
[    0.290226] AppArmor: AppArmor initialized
[    0.292645] Dentry cache hash table entries: 131072 (order: 8, 1048576 bytes)
[    0.302438] Inode-cache hash table entries: 65536 (order: 7, 524288 bytes)
[    0.305911] Mount-cache hash table entries: 2048 (order: 2, 16384 bytes)
[    0.309054] Mountpoint-cache hash table entries: 2048 (order: 2, 16384 bytes)
[    0.312700] Initializing cgroup subsys io
[    0.314996] Initializing cgroup subsys memory
[    0.317375] Initializing cgroup subsys devices
[    0.319710] Initializing cgroup subsys freezer
[    0.321933] Initializing cgroup subsys net_cls
[    0.324093] Initializing cgroup subsys perf_event
[    0.326155] Initializing cgroup subsys net_prio
[    0.328139] Initializing cgroup subsys hugetlb
[    0.330088] Initializing cgroup subsys pids
[    0.334844] mce: CPU supports 0 MCE banks
[    0.336914] Last level iTLB entries: 4KB 64, 2MB 8, 4MB 8
[    0.339616] Last level dTLB entries: 4KB 64, 2MB 0, 4MB 0, 1GB 4
[    0.342535] Spectre V2 : Mitigation: Full generic retpoline
[    0.345290] Spectre V2 : Spectre v2 / SpectreRSB mitigation: Filling RSB on context switch
[    0.349504] Speculative Store Bypass: Vulnerable
[    0.359064] Freeing SMP alternatives memory: 32K
[    0.375655] ftrace: allocating 32277 entries in 127 pages
[    0.524965] smpboot: APIC(0) Converting physical 0 to logical package 0
[    0.528222] smpboot: Max logical packages: 1
[    0.531429] x2apic enabled
[    0.533846] Switched APIC routing to physical x2apic.
[    0.539578] ..TIMER: vector=0x30 apic1=0 pin1=2 apic2=-1 pin2=-1
[    0.648334] APIC calibration not consistent with PM-Timer: 98ms instead of 100ms
[    0.652548] APIC delta adjusted to PM-Timer: 6243195 (6153530)
[    0.655576] smpboot: CPU0: Intel(R) Core(TM) i7-6500U CPU @ 2.50GHz (family: 0x6, model: 0x4e, stepping: 0x3)
[    0.661070] Performance Events: unsupported p6 CPU model 78 no PMU driver, software events only.
[    0.690804] KVM setup paravirtual spinlock
[    0.694582] x86: Booting SMP configuration:
[    0.696533] .... node  #0, CPUs:      #1
[    0.698328] kvm-clock: cpu 1, msr 0:3ffe3041, secondary cpu clock
[    0.701679] mce: CPU supports 0 MCE banks
[    0.704519] x86: Booted up 1 node, 2 CPUs
[    0.706603] smpboot: Total of 2 processors activated (10368.00 BogoMIPS)
[    0.710254] devtmpfs: initialized
[    0.715698] evm: security.selinux
[    0.717286] evm: security.SMACK64
[    0.718908] evm: security.SMACK64EXEC
[    0.720714] evm: security.SMACK64TRANSMUTE
[    0.722484] evm: security.SMACK64MMAP
[    0.724192] evm: security.ima
[    0.725733] evm: security.capability
[    0.727617] clocksource: jiffies: mask: 0xffffffff max_cycles: 0xffffffff, max_idle_ns: 7645041785100000 ns
[    0.731491] futex hash table entries: 512 (order: 3, 32768 bytes)
[    0.734086] pinctrl core: initialized pinctrl subsystem
[    0.736385] RTC time: 19:18:50, date: 03/20/19
[    0.738734] NET: Registered protocol family 16
[    0.752724] cpuidle: using governor ladder
[    0.764386] cpuidle: using governor menu
[    0.766664] PCCT header not found.
[    0.768853] ACPI: bus type PCI registered
[    0.771023] acpiphp: ACPI Hot Plug PCI Controller Driver version: 0.5
[    0.774637] PCI: Using configuration type 1 for base access
[    0.794028] ACPI: Added _OSI(Module Device)
[    0.796278] ACPI: Added _OSI(Processor Device)
[    0.798961] ACPI: Added _OSI(3.0 _SCP Extensions)
[    0.802105] ACPI: Added _OSI(Processor Aggregator Device)
[    0.807440] ACPI: Executed 1 blocks of module-level executable AML code
[    0.816933] ACPI: Interpreter enabled
[    0.819067] ACPI: (supports S0 S5)
[    0.821166] ACPI: Using IOAPIC for interrupt routing
[    0.824093] PCI: Using host bridge windows from ACPI; if necessary, use "pci=nocrs" and report a bug
[    0.837663] ACPI: PCI Root Bridge [PCI0] (domain 0000 [bus 00-ff])
[    0.840720] acpi PNP0A03:00: _OSC: OS supports [ASPM ClockPM Segments MSI]
[    0.845471] acpi PNP0A03:00: _OSC: not requesting OS control; OS requires [ExtendedConfig ASPM ClockPM MSI]
[    0.851286] acpi PNP0A03:00: fail to add MMCONFIG information, can't access extended PCI configuration space under this bridge.
[    0.857476] PCI host bridge to bus 0000:00
[    0.859736] pci_bus 0000:00: root bus resource [io  0x0000-0x0cf7 window]
[    0.862878] pci_bus 0000:00: root bus resource [io  0x0d00-0xffff window]
[    0.866076] pci_bus 0000:00: root bus resource [mem 0x000a0000-0x000bffff window]
[    0.870317] pci_bus 0000:00: root bus resource [mem 0x40000000-0xfdffffff window]
[    0.875351] pci_bus 0000:00: root bus resource [bus 00-ff]
[    0.882534] pci 0000:00:01.1: legacy IDE quirk: reg 0x10: [io  0x01f0-0x01f7]
[    0.886032] pci 0000:00:01.1: legacy IDE quirk: reg 0x14: [io  0x03f6]
[    0.889265] pci 0000:00:01.1: legacy IDE quirk: reg 0x18: [io  0x0170-0x0177]
[    0.892700] pci 0000:00:01.1: legacy IDE quirk: reg 0x1c: [io  0x0376]
[    0.955920] pci 0000:00:07.0: quirk: [io  0x4000-0x403f] claimed by PIIX4 ACPI
[    0.959998] pci 0000:00:07.0: quirk: [io  0x4100-0x410f] claimed by PIIX4 SMB
[    0.981985] ACPI: PCI Interrupt Link [LNKA] (IRQs 5 9 10 *11)
[    0.986330] ACPI: PCI Interrupt Link [LNKB] (IRQs 5 9 *10 11)
[    0.990341] ACPI: PCI Interrupt Link [LNKC] (IRQs 5 *9 10 11)
[    0.994414] ACPI: PCI Interrupt Link [LNKD] (IRQs 5 9 10 *11)
[    0.998466] ACPI: Enabled 2 GPEs in block 00 to 07
[    1.002384] vgaarb: setting as boot device: PCI:0000:00:02.0
[    1.005467] vgaarb: device added: PCI:0000:00:02.0,decodes=io+mem,owns=io+mem,locks=none
[    1.009913] vgaarb: loaded
[    1.012167] vgaarb: bridge control possible 0000:00:02.0
[    1.015383] SCSI subsystem initialized
[    1.017800] ACPI: bus type USB registered
[    1.020057] usbcore: registered new interface driver usbfs
[    1.022753] usbcore: registered new interface driver hub
[    1.025488] usbcore: registered new device driver usb
[    1.036517] PCI: Using ACPI for IRQ routing
[    1.040115] NetLabel: Initializing
[    1.042411] NetLabel:  domain hash size = 128
[    1.045448] NetLabel:  protocols = UNLABELED CIPSOv4
[    1.048791] NetLabel:  unlabeled traffic allowed by default
[    1.052865] amd_nb: Cannot enumerate AMD northbridges
[    1.056276] clocksource: Switched to clocksource kvm-clock
[    1.083855] AppArmor: AppArmor Filesystem Enabled
[    1.086505] pnp: PnP ACPI init
[    1.090099] pnp: PnP ACPI: found 3 devices
[    1.117138] clocksource: acpi_pm: mask: 0xffffff max_cycles: 0xffffff, max_idle_ns: 2085701024 ns
[    1.121893] NET: Registered protocol family 2
[    1.124789] TCP established hash table entries: 8192 (order: 4, 65536 bytes)
[    1.128283] TCP bind hash table entries: 8192 (order: 5, 131072 bytes)
[    1.130905] TCP: Hash tables configured (established 8192 bind 8192)
[    1.133516] UDP hash table entries: 512 (order: 2, 16384 bytes)
[    1.136348] UDP-Lite hash table entries: 512 (order: 2, 16384 bytes)
[    1.139560] NET: Registered protocol family 1
[    1.142007] pci 0000:00:00.0: Limiting direct PCI/PCI transfers
[    1.144967] pci 0000:00:01.0: Activating ISA DMA hang workarounds
[    1.148247] Unpacking initramfs...
[    1.628470] Freeing initrd memory: 14796K
[    1.631035] platform rtc_cmos: registered platform RTC device (no PNP device found)
[    1.635398] Scanning for low memory corruption every 60 seconds
[    1.639539] audit: initializing netlink subsys (disabled)
[    1.642362] audit: type=2000 audit(1553109537.400:1): initialized
[    1.645937] Initialise system trusted keyring
[    1.648866] HugeTLB registered 2 MB page size, pre-allocated 0 pages
[    1.654962] zbud: loaded
[    1.657457] VFS: Disk quotas dquot_6.6.0
[    1.659765] VFS: Dquot-cache hash table entries: 512 (order 0, 4096 bytes)
[    1.663640] squashfs: version 4.0 (2009/01/31) Phillip Lougher
[    1.667387] fuse init (API version 7.23)
[    1.670211] Key type big_key registered
[    1.672377] Allocating IMA MOK and blacklist keyrings.
[    1.679179] Key type asymmetric registered
[    1.681544] Asymmetric key parser 'x509' registered
[    1.684210] Block layer SCSI generic (bsg) driver version 0.4 loaded (major 249)
[    1.688408] io scheduler noop registered
[    1.690649] io scheduler deadline registered (default)
[    1.693384] io scheduler cfq registered
[    1.695725] pci_hotplug: PCI Hot Plug PCI Core version: 0.5
[    1.698979] pciehp: PCI Express Hot Plug Controller Driver version: 0.4
[    1.702550] ACPI: AC Adapter [AC] (off-line)
[    1.704957] input: Power Button as /devices/LNXSYSTM:00/LNXPWRBN:00/input/input0
[    1.708981] ACPI: Power Button [PWRF]
[    1.711156] input: Sleep Button as /devices/LNXSYSTM:00/LNXSLPBN:00/input/input1
[    1.715358] ACPI: Sleep Button [SLPF]
[    1.717933] GHES: HEST is not enabled!
[    1.719600] ACPI: Battery Slot [BAT0] (battery present)
[    1.723605] Serial: 8250/16550 driver, 32 ports, IRQ sharing enabled
 	
 !"#$%&'()*+,-./0123456789:;<=>?@ABCDEFGHIJKLMNOPQRSTUVWXYZ[\]^_`abcdefghijklmnopqrstuvwxyz{|}~ÄÅÇÉÑÖÜáàâäãåçéèêëíìîïñóòôöõúùûü†°¢£§•¶ß®©™´¨≠ÆØ∞±≤≥¥µ∂∑∏π∫ªºΩæø¿¡¬√ƒ≈∆«»… ÀÃÕŒœ–—“”‘’÷◊ÿŸ⁄€‹›ﬁﬂ‡·‚„‰ÂÊÁËÈÍÎÏÌÓÔÒÚÛÙıˆ˜¯˘˙˚¸˝˛ˇ[    1.752132] 00:02: ttyS0 at I/O 0x3f8 (irq = 4, base_baud = 115200) is a 16550A
[    1.765173] Linux agpgart interface v0.103
[    1.772910] loop: module loaded
[    1.776522] scsi host0: ata_piix
[    1.778227] scsi host1: ata_piix
[    1.779552] ata1: PATA max UDMA/33 cmd 0x1f0 ctl 0x3f6 bmdma 0xd000 irq 14
[    1.781832] ata2: PATA max UDMA/33 cmd 0x170 ctl 0x376 bmdma 0xd008 irq 15
[    1.784153] libphy: Fixed MDIO Bus: probed
[    1.785737] tun: Universal TUN/TAP device driver, 1.6
[    1.787433] tun: (C) 1999-2004 Max Krasnyansky <maxk@qualcomm.com>
[    1.789980] PPP generic driver version 2.4.2
[    1.791858] ehci_hcd: USB 2.0 'Enhanced' Host Controller (EHCI) Driver
[    1.794126] ehci-pci: EHCI PCI platform driver
[    1.795892] ehci-platform: EHCI generic platform driver
[    1.797953] ohci_hcd: USB 1.1 'Open' Host Controller (OHCI) Driver
[    1.799960] ohci-pci: OHCI PCI platform driver
[    1.801774] ohci-platform: OHCI generic platform driver
[    1.803749] uhci_hcd: USB Universal Host Controller Interface driver
[    1.807046] i8042: PNP: PS/2 Controller [PNP0303:PS2K,PNP0f03:PS2M] at 0x60,0x64 irq 1,12
[    1.812333] serio: i8042 KBD port at 0x60,0x64 irq 1
[    1.814933] serio: i8042 AUX port at 0x60,0x64 irq 12
[    1.818276] mousedev: PS/2 mouse device common for all mice
[    1.822150] input: AT Translated Set 2 keyboard as /devices/platform/i8042/serio0/input/input2
[    1.827734] rtc_cmos rtc_cmos: rtc core: registered rtc_cmos as rtc0
[    1.831124] rtc_cmos rtc_cmos: alarms up to one day, 114 bytes nvram
[    1.834128] i2c /dev entries driver
[    1.836227] device-mapper: uevent: version 1.0.3
[    1.838916] device-mapper: ioctl: 4.34.0-ioctl (2015-10-28) initialised: dm-devel@redhat.com
[    1.843501] ledtrig-cpu: registered to indicate activity on CPUs
[    1.848158] NET: Registered protocol family 10
[    1.851161] NET: Registered protocol family 17
[    1.853639] Key type dns_resolver registered
[    1.857415] registered taskstats version 1
[    1.859652] Loading compiled-in X.509 certificates
[    1.863424] Loaded X.509 cert 'Build time autogenerated kernel key: bff73e56bc0efa7435b2a24f5427674623f1be80'
[    1.868477] zswap: loaded using pool lzo/zbud
[    1.875322] Key type trusted registered
[    1.885118] Key type encrypted registered
[    1.887319] AppArmor: AppArmor sha1 policy hashing enabled
[    1.890094] ima: No TPM chip found, activating TPM-bypass!
[    1.893178] ima: Allocated hash algorithm: sha1
[    1.895612] evm: HMAC attrs: 0x1
[    1.898540]   Magic number: 11:770:344
[    1.901040] tty tty61: hash matches
[    1.903255] rtc_cmos rtc_cmos: setting system clock to 2019-03-20 19:18:51 UTC (1553109531)
[    1.908003] BIOS EDD facility v0.16 2004-Jun-25, 0 devices found
[    1.911028] EDD information not available.
[    1.954134] Freeing unused kernel memory: 1484K
[    1.957935] Write protecting the kernel read-only data: 14336k
[    1.964037] Freeing unused kernel memory: 1624K
[    1.968703] Freeing unused kernel memory: 92K
Loading, please wait...
starting version 229
[    2.012288] random: systemd-udevd: uninitialized urandom read (16 bytes read, 5 bits of entropy available)
[    2.014207] random: udevadm: uninitialized urandom read (16 bytes read, 5 bits of entropy available)
[    2.014265] random: udevadm: uninitialized urandom read (16 bytes read, 5 bits of entropy available)
[    2.039114] random: systemd-udevd: uninitialized urandom read (16 bytes read, 5 bits of entropy available)
[    2.040879] random: udevadm: uninitialized urandom read (16 bytes read, 5 bits of entropy available)
[    2.041114] random: udevadm: uninitialized urandom read (16 bytes read, 5 bits of entropy available)
[    2.041907] random: udevadm: uninitialized urandom read (16 bytes read, 5 bits of entropy available)
[    2.042190] random: udevadm: uninitialized urandom read (16 bytes read, 5 bits of entropy available)
[    2.042331] random: udevadm: uninitialized urandom read (16 bytes read, 5 bits of entropy available)
[    2.042475] random: udevadm: uninitialized urandom read (16 bytes read, 5 bits of entropy available)
[    2.183534] e1000: Intel(R) PRO/1000 Network Driver - version 7.3.21-k8-NAPI
[    2.188200] e1000: Copyright (c) 1999-2006 Intel Corporation.
[    2.219343] Fusion MPT base driver 3.04.20
[    2.223512] Copyright (c) 1999-2008 LSI Corporation
[    2.274074] Fusion MPT SPI Host driver 3.04.20
[    2.282160] AVX2 version of gcm_enc/dec engaged.
[    2.284254] AES CTR mode by8 optimization enabled
[    2.434813] input: ImExPS/2 Generic Explorer Mouse as /devices/platform/i8042/serio1/input/input4
[    2.628512] tsc: Refined TSC clocksource calibration: 2592.795 MHz
[    2.631616] clocksource: tsc: mask: 0xffffffffffffffff max_cycles: 0x255fa5d19c9, max_idle_ns: 440795308318 ns
[    2.723746] e1000 0000:00:03.0 eth0: (PCI:33MHz:32-bit) 02:a9:46:80:4d:77
[    2.728062] e1000 0000:00:03.0 eth0: Intel(R) PRO/1000 Network Connection
[    3.242130] e1000 0000:00:08.0 eth1: (PCI:33MHz:32-bit) 08:00:27:93:d8:92
[    3.248152] e1000 0000:00:08.0 eth1: Intel(R) PRO/1000 Network Connection
[    3.258357] e1000 0000:00:03.0 enp0s3: renamed from eth0
[    3.262908] mptbase: ioc0: Initiating bringup
[    3.277776] e1000 0000:00:08.0 enp0s8: renamed from eth1
[    3.378832] ioc0: LSI53C1030 A0: Capabilities={Initiator}
[    4.400855] scsi host2: ioc0: LSI53C1030 A0, FwRev=00000000h, Ports=1, MaxQ=256, IRQ=20
[    4.700926] scsi 2:0:0:0: Direct-Access     VBOX     HARDDISK         1.0  PQ: 0 ANSI: 5
[    4.705354] scsi target2:0:0: Beginning Domain Validation
[    4.710638] scsi target2:0:0: Domain Validation skipping write tests
[    4.712964] scsi target2:0:0: Ending Domain Validation
[    4.715451] scsi target2:0:0: asynchronous
[    4.718580] scsi 2:0:1:0: Direct-Access     VBOX     HARDDISK         1.0  PQ: 0 ANSI: 5
[    4.749789] scsi target2:0:1: Beginning Domain Validation
[    4.757331] scsi target2:0:1: Domain Validation skipping write tests
[    4.760399] scsi target2:0:1: Ending Domain Validation
[    4.763427] scsi target2:0:1: asynchronous
[    4.786238] sd 2:0:0:0: Attached scsi generic sg0 type 0
[    4.789363] sd 2:0:0:0: [sda] 20971520 512-byte logical blocks: (10.7 GB/10.0 GiB)
[    4.794483] sd 2:0:1:0: [sdb] 20480 512-byte logical blocks: (10.5 MB/10.0 MiB)
[    4.799159] sd 2:0:0:0: [sda] Write Protect is off
[    4.799492] sd 2:0:1:0: Attached scsi generic sg1 type 0
[    4.804910] sd 2:0:0:0: [sda] Incomplete mode parameter data
[    4.807669] sd 2:0:0:0: [sda] Assuming drive cache: write through
[    4.810829] sd 2:0:1:0: [sdb] Write Protect is off
[    4.813604] sd 2:0:1:0: [sdb] Incomplete mode parameter data
[    4.816276] sd 2:0:1:0: [sdb] Assuming drive cache: write through
[    4.822740]  sda: sda1
[    4.825504] sd 2:0:1:0: [sdb] Attached SCSI disk
[    4.830171] sd 2:0:0:0: [sda] Attached SCSI disk
Begin: Loading essential drivers ... [    6.834688] md: linear personality registered for level -1
[    6.840895] md: multipath personality registered for level -4
[    6.847330] md: raid0 personality registered for level 0
[    6.855843] md: raid1 personality registered for level 1
[    6.932818] raid6: sse2x1   gen()  5520 MB/s
[    7.000680] raid6: sse2x1   xor()  4958 MB/s
[    7.068458] raid6: sse2x2   gen()  6479 MB/s
[    7.136805] raid6: sse2x2   xor()  4550 MB/s
[    7.205113] raid6: sse2x4   gen()  7270 MB/s
[    7.272461] raid6: sse2x4   xor()  4879 MB/s
[    7.340785] raid6: avx2x1   gen() 10180 MB/s
[    7.408963] raid6: avx2x2   gen() 11688 MB/s
[    7.476511] raid6: avx2x4   gen() 11813 MB/s
[    7.478991] raid6: using algorithm avx2x4 gen() 11813 MB/s
[    7.481955] raid6: using avx2x2 recovery algorithm
[    7.487103] xor: automatically using best checksumming function:
[    7.536566]    avx       : 10567.000 MB/sec
[    7.541332] async_tx: api initialized (async)
[    7.561366] md: raid6 personality registered for level 6
[    7.564025] md: raid5 personality registered for level 5
[    7.566665] md: raid4 personality registered for level 4
[    7.582934] md: raid10 personality registered for level 10
done.
Begin: Running /scripts/init-premount ... done.
Begin: Mounting root file system ... Begin: Running /scripts/local-top ... done.
Begin: Running /scripts/local-premount ... [    7.657011] Btrfs loaded
Scanning for Btrfs filesystems
done.
Warning: fsck not present, so skipping root file system
[    7.725896] EXT4-fs (sda1): mounted filesystem with ordered data mode. Opts: (null)
done.
Begin: Running /scripts/local-bottom ... done.
Begin: Running /scripts/init-bottom ... done.
[    7.950236] systemd[1]: systemd 229 running in system mode. (+PAM +AUDIT +SELINUX +IMA +APPARMOR +SMACK +SYSVINIT +UTMP +LIBCRYPTSETUP +GCRYPT +GNUTLS +ACL +XZ -LZ4 +SECCOMP +BLKID +ELFUTILS +KMOD -IDN)
[    7.959299] systemd[1]: Detected virtualization oracle.
[    7.962602] systemd[1]: Detected architecture x86-64.

Welcome to [1mUbuntu 16.04.5 LTS[0m!

[    7.971091] systemd[1]: Set hostname to <ubuntu>.
[    7.978483] systemd[1]: Initializing machine ID from random generator.
[    7.982676] systemd[1]: Installed transient /etc/machine-id file.
[    8.268806] systemd[1]: Started Forward Password Requests to Wall Directory Watch.
[[0;32m  OK  [0m] Started Forward Password Requests to Wall Directory Watch.
[    8.276947] systemd[1]: Listening on Journal Socket (/dev/log).
[[0;32m  OK  [0m] Listening on Journal Socket (/dev/log).
[    8.282973] systemd[1]: Listening on udev Kernel Socket.
[[0;32m  OK  [0m] Listening on udev Kernel Socket.
[    8.288794] systemd[1]: Listening on LVM2 poll daemon socket.
[[0;32m  OK  [0m] Listening on LVM2 poll daemon socket.
[    8.296077] systemd[1]: Listening on Device-mapper event daemon FIFOs.
[[0;32m  OK  [0m] Listening on Device-mapper event daemon FIFOs.
[    8.304941] systemd[1]: Listening on Syslog Socket.
[[0;32m  OK  [0m] Listening on Syslog Socket.
[    8.311665] systemd[1]: Listening on udev Control Socket.
[[0;32m  OK  [0m] Listening on udev Control Socket.
[    8.317394] systemd[1]: Reached target System Time Synchronized.
[[0;32m  OK  [0m] Reached target System Time Synchronized.
[    8.328708] systemd[1]: Reached target Swap.
[[0;32m  OK  [0m] Reached target Swap.
[    8.333684] systemd[1]: Listening on Journal Socket.
[[0;32m  OK  [0m] Listening on Journal Socket.
[    8.339093] systemd[1]: Listening on LVM2 metadata daemon socket.
[[0;32m  OK  [0m] Listening on LVM2 metadata daemon socket.
[    8.345769] systemd[1]: Started Trigger resolvconf update for networkd DNS.
[[0;32m  OK  [0m] Started Trigger resolvconf update for networkd DNS.
[    8.352635] systemd[1]: Reached target User and Group Name Lookups.
[[0;32m  OK  [0m] Reached target User and Group Name Lookups.
[    8.359701] systemd[1]: Created slice User and Session Slice.
[[0;32m  OK  [0m] Created slice User and Session Slice.
[    8.365899] systemd[1]: Listening on /dev/initctl Compatibility Named Pipe.
[[0;32m  OK  [0m] Listening on /dev/initctl Compatibility Named Pipe.
[    8.372906] systemd[1]: Listening on Journal Audit Socket.
[[0;32m  OK  [0m] Listening on Journal Audit Socket.
[    8.379250] systemd[1]: Created slice System Slice.
[[0;32m  OK  [0m] Created slice System Slice.
[    8.400652] systemd[1]: Starting Nameserver information manager...
         Starting Nameserver information manager...
[    8.410227] systemd[1]: Starting Remount Root and Kernel File Systems...
         Starting Remount Root and Kernel File Systems...
[    8.418054] systemd[1]: Created slice system-serial\x2dgetty.slice.
[[0;32m  OK  [0m] Created slice system-serial\x2dgetty.slice.
[    8.427622] EXT4-fs (sda1): re-mounted. Opts: (null)
[    8.428113] systemd[1]: Starting Journal Service...
         Starting Journal Service...
[    8.448150] systemd[1]: Starting Load Kernel Modules...
         Starting Load Kernel Modules...
[    8.460705] systemd[1]: Starting Uncomplicated firewall...
         Starting Uncomplicated firewall...
[    8.497113] Loading iSCSI transport class v2.0-870.
[    8.500417] systemd[1]: Mounting Huge Pages File System...
         Mounting Huge Pages File System...
[    8.507634] systemd[1]: Reached target Slices.
[[0;32m  OK  [0m] Reached target Slices.
[    8.519277] systemd[1]: Mounting Debug File System...
         Mounting Debug File System...
[    8.536933] systemd[1]: Starting Monitoring of LVM2 mirrors, snapshots etc. using dmeventd or progress polling...
         Starting Monitoring of LVM2 mirrors... dmeventd or progress polling...
[    8.559377] systemd[1]: Mounting POSIX Message Queue File System...
[    8.572746] iscsi: registered transport (tcp)
         Mounting POSIX Message Queue File System...
[    8.584475] systemd[1]: Starting Create list of required static device nodes for the current kernel...
         Starting Create list of required st... nodes for the current kernel...
[    8.602352] systemd[1]: Starting Set console keymap...
         Starting Set console keymap...
[    8.610655] systemd[1]: Set up automount Arbitrary Executable File Formats File System Automount Point.
[[0;32m  OK  [0m] Set up automount Arbitrary Executab...ats File System Automount Point.
[    8.626043] systemd[1]: Reached target Encrypted Volumes.
[[0;32m  OK  [0m] Reached target Encrypted Volumes.
[    8.657213] systemd[1]: Mounted Huge Pages File System.
[[0;32m  OK  [0m] Mounted Huge Pages File System.
[    8.664423] systemd[1]: Mounted Debug File System.
[[0;32m  OK  [0m] Mounted Debug File System.
[    8.675863] systemd[1]: Mounted POSIX Message Queue File System.
[[0;32m  OK  [0m] Mounted POSIX Message Queue File System.
[    8.683435] systemd[1]: Started Journal Service.
[[0;32m  OK  [0m] Started Journal Service.
[    8.692165] iscsi: registered transport (iser)
[[0;32m  OK  [0m] Started Remount Root and Kernel File Systems.
[    8.717158] random: nonblocking pool is initialized
[[0;32m  OK  [0m] Started Load Kernel Modules.
[[0;32m  OK  [0m] Started Uncomplicated firewall.
[[0;32m  OK  [0m] Started Create list of required sta...ce nodes for the current kernel.
[[0;32m  OK  [0m] Started Nameserver information manager.
[[0;32m  OK  [0m] Started Set console keymap.
[[0;32m  OK  [0m] Started LVM2 metadata daemon.
         Starting Create Static Device Nodes in /dev...
         Starting Apply Kernel Variables...
         Mounting FUSE Control File System...
         Starting udev Coldplug all Devices...
         Starting Load/Save Random Seed...
         Starting Flush Journal to Persistent Storage...
[[0;32m  OK  [0m] Mounted FUSE Control File System.
[[0;32m  OK  [0m] Started Apply Kernel Variables.
[[0;32m  OK  [0m] Started Create Static Device Nodes in /dev.
[[0;32m  OK  [0m] Started Load/Save Random Seed.
[[0;32m  OK  [0m] Started Monitoring of LVM2 mirrors,...ng dmeventd or progress polling.
[[0;32m  OK  [0m] Started udev Coldplug all Devices.
[[0;32m  OK  [0m] Started Flush Journal to Persistent Storage.
[[0;32m  OK  [0m] Reached target Local File Systems (Pre).
[[0;32m  OK  [0m] Reached target Local File Systems.
         Starting Initial cloud-init job (pre-networking)...
         Starting LSB: AppArmor initialization...
         Starting Tell Plymouth To Write Out Runtime Data...
         Starting Commit a transient machine-id on disk...
         Starting Create Volatile Files and Directories...
         Starting Set console font and keymap...
         Starting udev Kernel Device Manager...
[[0;32m  OK  [0m] Started Tell Plymouth To Write Out Runtime Data.
[[0;32m  OK  [0m] Started Create Volatile Files and Directories.
[[0;32m  OK  [0m] Started Commit a transient machine-id on disk.
[[0;32m  OK  [0m] Started udev Kernel Device Manager.
[[0;32m  OK  [0m] Started Dispatch Password Requests to Console Directory Watch.
         Starting Update UTMP about System Boot/Shutdown...
[[0;32m  OK  [0m] Started Update UTMP about System Boot/Shutdown.
[[0;32m  OK  [0m] Found device /dev/ttyS0.
[[0;32m  OK  [0m] Listening on Load/Save RF Kill Switch Status /dev/rfkill Watch.
[   11.880751] cloud-init[464]: Cloud-init v. 18.4-0ubuntu1~16.04.2 running 'init-local' at Wed, 20 Mar 2019 19:19:01 +0000. Up 10.94 seconds.
[[0;32m  OK  [0m] Started Initial cloud-init job (pre-networking).
[[0;32m  OK  [0m] Reached target Network (Pre).
[[0;32m  OK  [0m] Started LSB: AppArmor initialization.
         Starting Raise network interfaces...
[[0;32m  OK  [0m] Started Set console font and keymap.
[[0;32m  OK  [0m] Created slice system-getty.slice.
[[0;32m  OK  [0m] Started Raise network interfaces.
         Starting Initial cloud-init job (metadata service crawler)...
[[0;32m  OK  [0m] Reached target Network.
[   16.073772] cloud-init[967]: Cloud-init v. 18.4-0ubuntu1~16.04.2 running 'init' at Wed, 20 Mar 2019 19:19:05 +0000. Up 14.93 seconds.
[   16.078590] cloud-init[967]: ci-info: ++++++++++++++++++++++++++++++++++++++Net device info+++++++++++++++++++++++++++++++++++++++
[   16.088692] cloud-init[967]: ci-info: +--------+-------+----------------------------+---------------+--------+-------------------+
[   16.092627] cloud-init[967]: ci-info: | Device |   Up  |          Address           |      Mask     | Scope  |     Hw-Address    |
[   16.096261] cloud-init[967]: ci-info: +--------+-------+----------------------------+---------------+--------+-------------------+
[   16.100029] cloud-init[967]: ci-info: | enp0s3 |  True |         10.0.2.15          | 255.255.255.0 | global | 02:a9:46:80:4d:77 |
[   16.103679] cloud-init[967]: ci-info: | enp0s3 |  True | fe80::a9:46ff:fe80:4d77/64 |       .       |  link  | 02:a9:46:80:4d:77 |
[   16.107378] cloud-init[967]: ci-info: | enp0s8 | False |             .              |       .       |   .    | 08:00:27:93:d8:92 |
[   16.110970] cloud-init[967]: ci-info: |   lo   |  True |         127.0.0.1          |   255.0.0.0   |  host  |         .         |
[   16.114577] cloud-init[967]: ci-info: |   lo   |  True |          ::1/128           |       .       |  host  |         .         |
[   16.118139] cloud-init[967]: ci-info: +--------+-------+----------------------------+---------------+--------+-------------------+
[   16.121256] cloud-init[967]: ci-info: +++++++++++++++++++++++++++Route IPv4 info++++++++++++++++++++++++++++
[   16.128750] cloud-init[967]: ci-info: +-------+-------------+----------+---------------+-----------+-------+
[   16.132218] cloud-init[967]: ci-info: | Route | Destination | Gateway  |    Genmask    | Interface | Flags |
[   16.135538] cloud-init[967]: ci-info: +-------+-------------+----------+---------------+-----------+-------+
[   16.138764] cloud-init[967]: ci-info: |   0   |   0.0.0.0   | 10.0.2.2 |    0.0.0.0    |   enp0s3  |   UG  |
[   16.149220] cloud-init[967]: ci-info: |   1   |   10.0.2.0  | 0.0.0.0  | 255.255.255.0 |   enp0s3  |   U   |
[   16.152553] cloud-init[967]: ci-info: +-------+-------------+----------+---------------+-----------+-------+
[   16.161004] cloud-init[967]: ci-info: +++++++++++++++++++Route IPv6 info+++++++++++++++++++
[   16.164226] cloud-init[967]: ci-info: +-------+-------------+---------+-----------+-------+
[   16.167558] cloud-init[967]: ci-info: | Route | Destination | Gateway | Interface | Flags |
[   16.170120] cloud-init[967]: ci-info: +-------+-------------+---------+-----------+-------+
[   16.173000] cloud-init[967]: ci-info: |   0   |  fe80::/64  |    ::   |   enp0s3  |   U   |
[   16.175757] cloud-init[967]: ci-info: |   3   |   ff00::/8  |    ::   |   enp0s3  |   U   |
[   16.178792] cloud-init[967]: ci-info: +-------+-------------+---------+-----------+-------+
[   16.181542] cloud-init[967]: Generating public/private rsa key pair.
[   16.183950] cloud-init[967]: Your identification has been saved in /etc/ssh/ssh_host_rsa_key.
[   16.186580] cloud-init[967]: Your public key has been saved in /etc/ssh/ssh_host_rsa_key.pub.
[   16.189707] cloud-init[967]: The key fingerprint is:
[   16.197249] cloud-init[967]: SHA256:bD2oKgqO4/zgE/nIOOHyAMdxQ+mXqDJHyPdV4pC0/aQ root@ubuntu-xenial
[   16.200498] cloud-init[967]: The key's randomart image is:
[   16.202451] cloud-init[967]: +---[RSA 2048]----+
[   16.204544] cloud-init[967]: |    oo.          |
[   16.212702] cloud-init[967]: |   ..oo. .       |
[   16.221646] cloud-init[967]: |....ooooo.       |
[   16.229459] cloud-init[967]: |.o.+o.o++o       |
[   16.231284] cloud-init[967]: |..=....ES.o      |
[   16.232937] cloud-init[967]: |=+o  . o   .     |
[   16.234473] cloud-init[967]: |**+   .          |
[   16.236099] cloud-init[967]: |@*o. .           |
[   16.237635] cloud-init[967]: |=X+o.            |
[   16.239104] cloud-init[967]: +----[SHA256]-----+
[   16.240627] cloud-init[967]: Generating public/private dsa key pair.
[   16.248673] cloud-init[967]: Your identification has been saved in /etc/ssh/ssh_host_dsa_key.
[[   16.249308] cloud-init[967]: Your public key has been saved in /etc/ssh/ssh_host_dsa_key.pub.
[0;32m  OK  [0m[   16.250768] cloud-init[967]: The key fingerprint is:
] [   16.252653] cloud-init[967]: SHA256:+9E7IlKzdj7vjWS60fhQY0rJZWnxoTkPk+v1pbxrZKk root@ubuntu-xenial
Started Initial cloud-init job (metadata service crawler).[   16.253566] cloud-init[967]: The key's randomart image is:

[   16.256145] cloud-init[967]: +---[DSA 1024]----+
[   16.256561] cloud-init[967]: |            . .  |
[   16.257547] cloud-init[967]: |             B . |
[   16.258867] cloud-init[967]: |            % .  |
[   16.259468] cloud-init[967]: |         . = *   |
[   16.261184] cloud-init[967]: |        S + = o..|
[   16.262057] cloud-init[967]: |        oo O ++o.|
[   16.263160] cloud-init[967]: |       ..o* *+o .|
[   16.263718] cloud-init[967]: |      . +.+OE+.. |
[   16.265340] cloud-init[967]: |       o +=**o+. |
[   16.266163] cloud-init[967]: +----[SHA256]-----+
[   16.266868] cloud-init[967]: Generating public/private ecdsa key pair.
[   16.267325] cloud-init[967]: Your identification has been saved in /etc/ssh/ssh_host_ecdsa_key.
[   16.267904] cloud-init[967]: Your public key has been saved in /etc/ssh/ssh_host_ecdsa_key.pub.
[   16.279754] cloud-init[967]: The key fingerprint is:
[   16.281712] cloud-init[967]: SHA256:o0adSTPzXmZVhs8TpuyNorCAZcco/thh4JdzAyRLDwY root@ubuntu-xenial
[   16.284525] cloud-init[967]: The key's randomart image is:
[   16.286505] cloud-init[967]: +---[ECDSA 256]---+
[   16.288369] cloud-init[967]: | E.            .o|
[   16.290139] cloud-init[967]: |   = .        .= |
[[   16.290649] cloud-init[967]: |  o * o =   . +o.|
[0;32m  OK  [0m[   16.291651] cloud-init[967]: |   + * = B   + .o|
] [   16.292988] cloud-init[967]: |  o * = S . = o .|
Reached target Cloud-config availability.
[   16.294530] cloud-init[967]: |   + O = o = o . |
[   16.305432] cloud-init[967]: |    * B + o .    |
[[   16.306664] cloud-init[967]: |   . + . .       |
[0;32m  OK  [0m[   16.307375] cloud-init[967]: |                 |
] [   16.308882] cloud-init[967]: +----[SHA256]-----+
Reached target System Initialization.[   16.310040] cloud-init[967]: Generating public/private ed25519 key pair.

[   16.312038] cloud-init[967]: Your identification has been saved in /etc/ssh/ssh_host_ed25519_key.
[   16.313786] cloud-init[967]: Your public key has been saved in /etc/ssh/ssh_host_ed25519_key.pub.
[   16.315059] cloud-init[967]: The key fingerprint is:
[   16.316666] cloud-init[967]: SHA256:jh83+zrKXk+tL66Lyb502poLkFHeEw+qAsZAY2G0miU root@ubuntu-xenial
[   16.317443] cloud-init[967]: The key's randomart image is:
[   16.318295] cloud-init[967]: +--[ED25519 256]--+
[   16.318656] cloud-init[967]: |+B.   . o        |
[   16.319275] cloud-init[967]: |= o  o o +       |
[   16.319616] cloud-init[967]: |E+. . o o .      |
[   16.321073] cloud-init[967]: |o=   +   .       |
[   16.321245] cloud-init[967]: |o . +   S        |
[   16.322114] cloud-init[967]: |   . . o     .   |
[   16.322694] cloud-init[967]: |      o + = . .  |
[   16.323780] cloud-init[967]: |       * @.=..   |
[   16.324275] cloud-init[967]: |       o/=*B=o.  |
[   16.324969] cloud-init[967]: +----[SHA256]-----+
[[0;32m  OK  [0m] Started Daily Cleanup of Temporary Directories.
[[0;32m  OK  [0m] Started Daily apt download activities.
[[0;32m  OK  [0m] Listening on UUID daemon activation socket.
         Starting Socket activation for snappy daemon.
[[0;32m  OK  [0m] Started Daily apt upgrade and clean activities.
         Starting LXD - unix socket.
[[0;32m  OK  [0m] Reached target Timers.
[[0;32m  OK  [0m] Listening on D-Bus System Message Bus Socket.
[[0;32m  OK  [0m] Listening on ACPID Listen Socket.
[[0;32m  OK  [0m] Started ACPI Events Check.
[[0;32m  OK  [0m] Reached target Paths.
[[0;32m  OK  [0m] Reached target Network is Online.
         Starting iSCSI initiator daemon (iscsid)...
[[0;32m  OK  [0m] Listening on Socket activation for snappy daemon.
[[0;32m  OK  [0m] Listening on LXD - unix socket.
[[0;32m  OK  [0m] Started iSCSI initiator daemon (iscsid).
         Starting Login to default iSCSI targets...
[[0;32m  OK  [0m] Reached target Sockets.
[[0;32m  OK  [0m] Reached target Basic System.
         Starting LSB: Record successful boot for GRUB...
[[0;32m  OK  [0m] Started Deferred execution scheduler.
[[0;32m  OK  [0m] Started ACPI event daemon.
[[0;32m  OK  [0m] Started Unattended Upgrades Shutdown.
         Starting Accounts Service...
         Starting LXD - container startup/shutdown...
         Starting LSB: MD monitoring daemon...
[[0;32m  OK  [0m] Started Regular background program processing daemon.
         Starting System Logging Service...
         Starting Pollinate to seed the pseudo random number generator...
[[0;32m  OK  [0m] Started D-Bus System Message Bus.
[[0;32m  OK  [0m] Started FUSE filesystem for LXC.
         Starting Virtualbox guest utils...
         Starting Login Service...
         Starting Snappy daemon...
         Starting /etc/rc.local Compatibility...
[[0;32m  OK  [0m] Started System Logging Service.
[[0;32m  OK  [0m] Started /etc/rc.local Compatibility.
[[0;32m  OK  [0m] Started Login to default iSCSI targets.
[[0;32m  OK  [0m] Started LXD - container startup/shutdown.
[[0;32m  OK  [0m] Started LSB: Record successful boot for GRUB.
[[0;32m  OK  [0m] Started LSB: MD monitoring daemon.
         Starting Authenticate and Authorize Users to Run Privileged Tasks...
[[0;32m  OK  [0m] Reached target Remote File Systems (Pre).
[[0;32m  OK  [0m] Reached target Remote File Systems.
         Starting Permit User Sessions...
         Starting LSB: automatic crash report generation...
         Starting LSB: Set the CPU Frequency Scaling governor to "ondemand"...
         Starting LSB: daemon to balance interrupts for SMP systems...
[[0;32m  OK  [0m] Started Permit User Sessions.
[[0;32m  OK  [0m] Started Login Service.
[[0;32m  OK  [0m] Started Authenticate and Authorize Users to Run Privileged Tasks.
[[0;32m  OK  [0m] Started Snappy daemon.
[[0;32m  OK  [0m] Started Virtualbox guest utils.
         Starting Wait until snapd is fully seeded...
         Starting Terminate Plymouth Boot Screen...
         Starting Hold until boot process finishes up...
[[0;32m  OK  [0m] Started LSB: automatic crash report generation.
[[0;32m  OK  [0m] Started LSB: Set the CPU Frequency Scaling governor to "ondemand".
[[0;32m  OK  [0m] Started LSB: daemon to balance interrupts for SMP systems.
[[0;32m  OK  [0m] Started Terminate Plymouth Boot Screen.
[[0;32m  OK  [0m] Started Hold until boot process finishes up.
[[0;32m  OK  [0m] Started Accounts Service.
[[0;32m  OK  [0m] Started Serial Getty on ttyS0.
[[0;32m  OK  [0m] Started Getty on tty1.
[[0;32m  OK  [0m] Reached target Login Prompts.
         Starting Set console scheme...
[[0;32m  OK  [0m] Started Pollinate to seed the pseudo random number generator.
[[0;32m  OK  [0m] Started Set console scheme.
         Starting OpenBSD Secure Shell server...
[[0;32m  OK  [0m] Started OpenBSD Secure Shell server.
[[0;32m  OK  [0m] Created slice User Slice of vagrant.
         Starting User Manager for UID 1000...
[[0;32m  OK  [0m] Started Session 1 of user vagrant.
[[0;32m  OK  [0m] Started User Manager for UID 1000.
[[0;32m  OK  [0m] Started Wait until snapd is fully seeded.
[[0;32m  OK  [0m] Reached target Multi-User System.
[[0;32m  OK  [0m] Reached target Graphical Interface.
         Starting Update UTMP about System Runlevel Changes...
         Starting Apply the settings specified in cloud-config...
[[0;32m  OK  [0m] Started Update UTMP about System Runlevel Changes.
[   19.897510] cloud-init[1356]: Generating locales (this might take a while)...
[   22.180191] cloud-init[1356]:   en_US.UTF-8... done
[   22.182558] cloud-init[1356]: Generation complete.
[   22.757835] cloud-init[1356]: Cloud-init v. 18.4-0ubuntu1~16.04.2 running 'modules:config' at Wed, 20 Mar 2019 19:19:09 +0000. Up 19.48 seconds.

Ubuntu 16.04.5 LTS ubuntu-xenial ttyS0

ubuntu-xenial login: ci-info: no authorized ssh keys fingerprints found for user ubuntu.
<14>Mar 20 19:19:14 ec2: 
<14>Mar 20 19:19:14 ec2: #############################################################
<14>Mar 20 19:19:14 ec2: -----BEGIN SSH HOST KEY FINGERPRINTS-----
<14>Mar 20 19:19:14 ec2: 1024 SHA256:+9E7IlKzdj7vjWS60fhQY0rJZWnxoTkPk+v1pbxrZKk root@ubuntu-xenial (DSA)
<14>Mar 20 19:19:14 ec2: 256 SHA256:o0adSTPzXmZVhs8TpuyNorCAZcco/thh4JdzAyRLDwY root@ubuntu-xenial (ECDSA)
<14>Mar 20 19:19:14 ec2: 256 SHA256:jh83+zrKXk+tL66Lyb502poLkFHeEw+qAsZAY2G0miU root@ubuntu-xenial (ED25519)
<14>Mar 20 19:19:14 ec2: 2048 SHA256:bD2oKgqO4/zgE/nIOOHyAMdxQ+mXqDJHyPdV4pC0/aQ root@ubuntu-xenial (RSA)
<14>Mar 20 19:19:14 ec2: -----END SSH HOST KEY FINGERPRINTS-----
<14>Mar 20 19:19:14 ec2: #############################################################
-----BEGIN SSH HOST KEY KEYS-----
ecdsa-sha2-nistp256 AAAAE2VjZHNhLXNoYTItbmlzdHAyNTYAAAAIbmlzdHAyNTYAAABBBJjMJ3TeIPbyCaDS/nFFby4cBmvA7r3jIq37nznpYHMjeIa5q2P0NRgNTX7ve/XtqMtsxefMHI2+vlY0QGcT+38= root@ubuntu-xenial
ssh-ed25519 AAAAC3NzaC1lZDI1NTE5AAAAIIUBplweBkySI0c1Czk6/OQ9US9+pIhxB4B7QIeRex6Y root@ubuntu-xenial
ssh-rsa AAAAB3NzaC1yc2EAAAADAQABAAABAQC0r0b2CJ3F9K2VIMsigpAK88NucR6K/Xl1MJItvNk5vO6vRVvywbK0zevyVr43k6XlSWFnJrPWVFNqHOEiAquc/ZHIXbPZU0WCENMx3XKz+Eg5SYh+fuOvhMIwR916dlVZa3pltLIwvQVc7bOHHEvkxkRmwYCXQYxZdon8y7tuGmoITAaTC9kYE0zYW2n06okoOxKcyxAP8Niwd344THeL3GTqQGGipbbl9Sr+5SQbNlqs5VzkE1Wp4SwwAmij3Fh50LGmDMyy+goN1+hSarPfrOU61hUuWDOOB+VIMrXtJ0Gqm+lOUFFBVqq8HQm0xjGXGVj5aOPp5QGoEbZ+Fg5P root@ubuntu-xenial
-----END SSH HOST KEY KEYS-----
[   24.095858] cloud-init[1537]: Cloud-init v. 18.4-0ubuntu1~16.04.2 running 'modules:final' at Wed, 20 Mar 2019 19:19:13 +0000. Up 23.74 seconds.
[   24.099975] cloud-init[1537]: ci-info: no authorized ssh keys fingerprints found for user ubuntu.
[   24.102655] cloud-init[1537]: Cloud-init v. 18.4-0ubuntu1~16.04.2 finished at Wed, 20 Mar 2019 19:19:14 +0000. Datasource DataSourceNoCloud [seed=/dev/sdb][dsmode=net].  Up 24.07 seconds
